com.techsophy.tsf.workflow.engine.camunda.services.ProcessServiceTest.testCompleteTask=[
  {
    "components": [
      {
        "defaultValue": "",
        "description": "",
        "disableOnInvalid": false,
        "disabled": false,
        "hideLabel": false,
        "input": true,
        "inputType": "text",
        "key": "myBusinessNeedLoanOf",
        "label": "My Business need loan of ",
        "mask": false,
        "multiple": false,
        "placeholder": "Loan Requirement",
        "type": "textfield",
        "validate": {
          "customMessage": "",
          "pattern": "",
          "required": true
        },
        "validateOn": "change"
      },
      {
        "defaultValue": "",
        "description": "",
        "disableOnInvalid": false,
        "disabled": false,
        "hideLabel": false,
        "input": true,
        "inputType": "text",
        "key": "enterYourName",
        "label": "Enter Your Name",
        "mask": false,
        "multiple": false,
        "placeholder": "",
        "type": "textfield",
        "validate": {
          "customMessage": "",
          "pattern": "",
          "required": false
        },
        "validateOn": "change"
      },
      {
        "description": "",
        "disableOnInvalid": false,
        "disabled": false,
        "hideLabel": false,
        "input": true,
        "key": "number",
        "label": "Number",
        "mask": false,
        "multiple": false,
        "placeholder": "",
        "type": "number",
        "validate": {
          "customMessage": "",
          "max": 10,
          "min": 10,
          "required": false
        },
        "validateOn": "change"
      },
      {
        "description": "",
        "disableOnInvalid": false,
        "disabled": false,
        "hideLabel": false,
        "input": true,
        "inputType": "email",
        "key": "email",
        "label": "Email",
        "mask": false,
        "multiple": false,
        "placeholder": "",
        "type": "email",
        "validate": {
          "customMessage": "",
          "pattern": "",
          "required": false
        },
        "validateOn": "change"
      },
      {
        "defaultValue": "",
        "description": "",
        "disableOnInvalid": false,
        "disabled": false,
        "hideLabel": false,
        "input": true,
        "key": "dateOfBirthAsPerPan",
        "label": "Date Of Birth (As per PAN)",
        "mask": false,
        "multiple": false,
        "placeholder": "",
        "type": "datetime",
        "validate": {
          "customMessage": "",
          "required": true
        },
        "validateOn": "change"
      },
      {
        "defaultValue": "",
        "description": "",
        "disableOnInvalid": false,
        "disabled": false,
        "hideLabel": false,
        "input": true,
        "inputType": "text",
        "key": "pan",
        "label": "PAN",
        "mask": false,
        "multiple": false,
        "placeholder": "",
        "type": "textfield",
        "validate": {
          "customMessage": "",
          "maxLength": 10,
          "minLength": 10,
          "pattern": "[A-Z]{5}[0-9]{4}[A-Z]{1}",
          "required": true
        },
        "validateOn": "change"
      },
      {
        "defaultValue": "",
        "description": "",
        "disableOnInvalid": false,
        "disabled": false,
        "hideLabel": false,
        "input": true,
        "inputType": "text",
        "key": "pincode",
        "label": "Pincode",
        "mask": false,
        "multiple": false,
        "placeholder": "",
        "type": "textfield",
        "validate": {
          "customMessage": "",
          "maxLength": 6,
          "minLength": 6,
          "pattern": "[0-9]{6}|[0-9]{3}\\s[0-9]{3}",
          "required": true
        },
        "validateOn": "change"
      },
      {
        "defaultValue": "false",
        "description": "",
        "disableOnInvalid": false,
        "disabled": false,
        "hideLabel": false,
        "input": true,
        "inputType": "checkbox",
        "key": "receiveLoanRelatedUpdateOnWhatsApp",
        "label": "Receive Loan related update on WhatsApp",
        "mask": false,
        "multiple": false,
        "placeholder": "",
        "type": "checkbox",
        "validate": {
          "customMessage": "",
          "required": false
        },
        "validateOn": "change"
      },
      {
        "description": "",
        "disableOnInvalid": false,
        "disabled": false,
        "hideLabel": false,
        "input": false,
        "key": "html",
        "label": "HTML",
        "mask": false,
        "multiple": false,
        "placeholder": "",
        "type": "htmlelement",
        "validate": {
          "required": false
        },
        "validateOn": "change"
      },
      {
        "description": "",
        "disableOnInvalid": true,
        "disabled": false,
        "hideLabel": false,
        "input": true,
        "key": "submit",
        "label": "Submit",
        "mask": false,
        "multiple": false,
        "placeholder": "",
        "type": "button",
        "validate": {
          "required": false
        },
        "validateOn": "change"
      }
    ],
    "display": "form"
  },
  {
    "age": 25,
    "firstName": "alex",
    "lastname": "carey"
  },
  "Business Details",
  "businessDetails"
]


com.techsophy.tsf.workflow.engine.camunda.services.ProcessServiceTest.testNextTask=[
  {
    "components": [
      {
        "defaultValue": "",
        "description": "",
        "disableOnInvalid": false,
        "disabled": false,
        "hideLabel": false,
        "input": true,
        "inputType": "text",
        "key": "myBusinessNeedLoanOf",
        "label": "My Business need loan of ",
        "mask": false,
        "multiple": false,
        "placeholder": "Loan Requirement",
        "type": "textfield",
        "validate": {
          "customMessage": "",
          "pattern": "",
          "required": true
        },
        "validateOn": "change"
      },
      {
        "defaultValue": "",
        "description": "",
        "disableOnInvalid": false,
        "disabled": false,
        "hideLabel": false,
        "input": true,
        "inputType": "text",
        "key": "enterYourName",
        "label": "Enter Your Name",
        "mask": false,
        "multiple": false,
        "placeholder": "",
        "type": "textfield",
        "validate": {
          "customMessage": "",
          "pattern": "",
          "required": false
        },
        "validateOn": "change"
      },
      {
        "description": "",
        "disableOnInvalid": false,
        "disabled": false,
        "hideLabel": false,
        "input": true,
        "key": "number",
        "label": "Number",
        "mask": false,
        "multiple": false,
        "placeholder": "",
        "type": "number",
        "validate": {
          "customMessage": "",
          "max": 10,
          "min": 10,
          "required": false
        },
        "validateOn": "change"
      },
      {
        "description": "",
        "disableOnInvalid": false,
        "disabled": false,
        "hideLabel": false,
        "input": true,
        "inputType": "email",
        "key": "email",
        "label": "Email",
        "mask": false,
        "multiple": false,
        "placeholder": "",
        "type": "email",
        "validate": {
          "customMessage": "",
          "pattern": "",
          "required": false
        },
        "validateOn": "change"
      },
      {
        "defaultValue": "",
        "description": "",
        "disableOnInvalid": false,
        "disabled": false,
        "hideLabel": false,
        "input": true,
        "key": "dateOfBirthAsPerPan",
        "label": "Date Of Birth (As per PAN)",
        "mask": false,
        "multiple": false,
        "placeholder": "",
        "type": "datetime",
        "validate": {
          "customMessage": "",
          "required": true
        },
        "validateOn": "change"
      },
      {
        "defaultValue": "",
        "description": "",
        "disableOnInvalid": false,
        "disabled": false,
        "hideLabel": false,
        "input": true,
        "inputType": "text",
        "key": "pan",
        "label": "PAN",
        "mask": false,
        "multiple": false,
        "placeholder": "",
        "type": "textfield",
        "validate": {
          "customMessage": "",
          "maxLength": 10,
          "minLength": 10,
          "pattern": "[A-Z]{5}[0-9]{4}[A-Z]{1}",
          "required": true
        },
        "validateOn": "change"
      },
      {
        "defaultValue": "",
        "description": "",
        "disableOnInvalid": false,
        "disabled": false,
        "hideLabel": false,
        "input": true,
        "inputType": "text",
        "key": "pincode",
        "label": "Pincode",
        "mask": false,
        "multiple": false,
        "placeholder": "",
        "type": "textfield",
        "validate": {
          "customMessage": "",
          "maxLength": 6,
          "minLength": 6,
          "pattern": "[0-9]{6}|[0-9]{3}\\s[0-9]{3}",
          "required": true
        },
        "validateOn": "change"
      },
      {
        "defaultValue": "false",
        "description": "",
        "disableOnInvalid": false,
        "disabled": false,
        "hideLabel": false,
        "input": true,
        "inputType": "checkbox",
        "key": "receiveLoanRelatedUpdateOnWhatsApp",
        "label": "Receive Loan related update on WhatsApp",
        "mask": false,
        "multiple": false,
        "placeholder": "",
        "type": "checkbox",
        "validate": {
          "customMessage": "",
          "required": false
        },
        "validateOn": "change"
      },
      {
        "description": "",
        "disableOnInvalid": false,
        "disabled": false,
        "hideLabel": false,
        "input": false,
        "key": "html",
        "label": "HTML",
        "mask": false,
        "multiple": false,
        "placeholder": "",
        "type": "htmlelement",
        "validate": {
          "required": false
        },
        "validateOn": "change"
      },
      {
        "description": "",
        "disableOnInvalid": true,
        "disabled": false,
        "hideLabel": false,
        "input": true,
        "key": "submit",
        "label": "Submit",
        "mask": false,
        "multiple": false,
        "placeholder": "",
        "type": "button",
        "validate": {
          "required": false
        },
        "validateOn": "change"
      }
    ],
    "display": "form"
  },
  {
    "age": 25,
    "firstName": "alex",
    "lastname": "carey"
  },
  "Business Details",
  "businessDetails"
]